[0000] LD B<$34>, A<$12>
[0001] LD C<$00>, $56
[0003] LD D<$00>, (HL<$0001>) = $0E
[0004] LD E<$00>, (IX<$0000>+$04) = $DD
[0007] LD H<$00>, (IY<$0001>+$04) = $5E
[000A] LD (HL<$5E01>), B<$12>
[000B] LD (IX<$0000>+$07), A<$12>
[000E] LD (IY<$0001>+$07), C<$56>
[0011] LD (HL<$5E01>), $7B
[0013] LD (IX<$0000>+$09), $64
[0017] LD (IY<$0001>+$09), $C8
[001B] LD A, (BC<$1256>) = $00
[001C] LD A, (DE<$0EDD>) = $00
[001D] LD A, ($1234) = $00
[0020] LD (BC<$1256>), A<$00>
[0021] LD (DE<$0EDD>), A<$00>
[0022] LD ($5678), A<$00>
[0025] LD A<$00>, I<$00>
[0027] LD I<$00>, A<$00>
[0029] LD A<$00>, R<$00>
[002B] LD R<$00>, A<$00>
[002D] LD BC<$1256>, $ABCD
[0030] LD IX, $1234
[0034] LD IY, $5678
[0038] LD HL<$5E01>, ($1234) = $0000
[003B] LD SP<$0000>, ($0011) = $7B36
[003F] LD IX<$1234>, ($0002) = $5656
[0043] LD IY<$5678>, ($0004) = $5EDD
[0047] LD ($0010), HL<$0000>
[004A] LD ($0020), DE<$0EDD>
[004E] LD ($0008), IX<$5656>
[0052] LD ($0018), IY<$5EDD>
[0056] LD SP<$7B36>, HL<$0000>
[0057] LD SP<$0000>, IX<$5656>
[0059] LD SP<$5656>, IY<$5EDD>
[005B] LDI ... BC<$ABCD>, DE<$0EDD>, HL<$0000>
[005D] LD BC<$ABCC>, $0005
[0060] LDIR ... BC<$0005>, DE<$0EDE>, HL<$0001>
[0062] LDD ... BC<$0000>, DE<$0EE3>, HL<$0006>
[0064] LD BC<$FFFF>, $0005
[0067] LDDR ... BC<$0005>, DE<$0EE2>, HL<$0005>
[0069] EX DE<$0EDD>, HL<$0000>
[006A] EX AF<$0000>, AF'<$0000>
[006B] EXX
[006C] EX (SP<$5EDD>) = $0000, HL<$0000>
[006D] EX (SP<$5EDD>) = $0000, IX<$5656>
[006F] EX (SP<$5EDD>) = $5656, IY<$5EDD>
[0071] LD SP<$5EDD>, $0000
[0074] LD BC<$0000>, $ABCD
[0077] PUSH BC<$ABCD> <SP:$0000>
[0078] LD BC<$ABCD>, $1234
[007B] POP BC<$1234> <SP:$FFFE> = $1234
[007C] PUSH AF<$0000> <SP:$0000>
[007D] POP AF <SP:$FFFE> = $0000
[007E] PUSH IX<$0000> <SP:$0000>
[0080] PUSH IY<$5656> <SP:$FFFE>
[0082] POP IX <SP:$FFFC> = $5656
[0084] POP IY <SP:$FFFE> = $0000
[0086] LD A<$00>, $AA
[0088] RLCA <A:$AA, C:OFF>
[0089] RLA <A:$55, C:ON>
[008A] RLC A<$AB> <C:OFF>
[008C] RL A<$57> <C:ON>
[008E] LD HL<$0000>, $FFFD
[0091] RLC (HL<$FFFD>) = $56 <C:OFF>
[0093] RL (HL<$FFFD>) = $AC <C:OFF>
[0095] RLC (IX+d<$5668>) = $00 <C:ON>
[0099] RL (IX+d<$568A>) = $00 <C:OFF>
[009D] RLC (IY+d<$0056>) = $F9 <C:OFF>
[00A1] RL (IY+d<$0078>) = $01 <C:ON>
[00A5] RRCA <A:$AF, C:OFF>
[00A6] RRA <A:$D7, C:ON>
[00A7] RRC A<$EB> <C:ON>
[00A9] RR A<$F5> <C:ON>
[00AB] RRC (HL<$FFFD>) = $58 <C:ON>
[00AD] RR (HL<$FFFD>) = $2C <C:OFF>
[00AF] RRC (IX+d<$5668>) = $00 <C:OFF>
[00B3] RR (IX+d<$568A>) = $00 <C:OFF>
[00B7] RRC (IY+d<$0056>) = $F9 <C:OFF>
[00BB] RR (IY+d<$0078>) = $01 <C:ON>
[00BF] SLA A<$FA> <C:ON>
[00C1] SLA (HL<$FFFD>) = $16 <C:ON>
[00C3] SLA (IX+d<$5668>) = $00 <C:OFF>
[00C7] SLA (IY+d<$0012>) = $7B <C:OFF>
[00CB] SRA A<$F4> <C:OFF>
[00CD] SRA (HL<$FFFD>) = $2C <C:OFF>
[00CF] SRA (IX+d<$5668>) = $00 <C:OFF>
[00D3] SRA (IY+d<$0012>) = $7B <C:OFF>
[00D7] SRL A<$FA> <C:ON>
[00D9] SRL (HL<$FFFD>) = $16 <C:OFF>
[00DB] SRL (IX+d<$5668>) = $00 <C:OFF>
[00DF] SRL (IY+d<$0012>) = $7B <C:OFF>
[00E3] ADD A<$7D>, B<$AB>
[00E4] ADD A<$28>, $7F
[00E6] ADD A<$A7>, (HL<$FFFD>) = $0B
[00E7] ADD A<$B2>, (IX+d<$5668>) = $00
[00EA] ADD A<$B2>, (IY+d<$0034>) = $FD
[00ED] ADC A<$AF>, B<$AB> <C:ON>
[00EE] ADC A<$5B>, $7F <C:ON>
[00F0] ADC A<$DB>, (HL<$FFFD>) = $0B <C:OFF>
[00F1] ADC A<$E6>, (IX+d<$5668>) = $00 <C:OFF>
[00F4] ADC A<$E6>, (IY+d<$0034>) = $FD <C:OFF>
[00F7] INC A<$E3>
[00F8] INC (HL<$FFFD>) = $0B
[00F9] INC (IX+d<$5668>) = $00
[00FC] INC (IY+d<$0034>) = $FD
[00FF] SUB A<$E4>, B<$AB>
[0100] SUB A<$39>, $7F
[0102] SUB A<$BA>, (HL<$FFFD>) = $0C
[0103] SUB A<$AE>, (IX+d<$5668>) = $01
[0106] SUB A<$AD>, (IY+d<$0034>) = $FD
[0109] SBC A<$B0>, B<$AB> <C:ON>
[010A] SBC A<$04>, $7F <C:OFF>
[010C] SBC A<$85>, (HL<$FFFD>) = $0C <C:ON>
[010D] SBC A<$78>, (IX+d<$5668>) = $01 <C:OFF>
[0110] SBC A<$77>, (IY+d<$0034>) = $FD <C:OFF>
[0113] DEC A<$7A>
[0114] DEC (HL<$FFFD>) = $0C
[0115] DEC (IX+d<$5668>) = $01
[0118] DEC (IY+d<$0034>) = $FD
[011B] ADD HL<$FFFD>, BC<$ABCD>
[011C] ADC HL<$ABCA>, DE<$0000> <C:ON>
[011E] ADD IX<$5656>, BC<$ABCD>
===== REGISTER DUMP : START =====
PAIR: A<$79> B<$AB> C<$CD> D<$00> E<$00> H<$AB> L<$CB>
PAIR: F<$93> ... S:ON, Z:OFF, H:ON, P/V:OFF, N:ON, C:ON
BACK: A'<$00> B'<$00> C'<$00> D'<$00> E'<$00> H'<$0E> L'<$DD> F'<$00>
PC<$0120> SP<$0000> IX<$0223> IY<$0000>
R<$00> I<$00> IFF<$00>
isHalt: NO, interruptMode: 0
executed: 1809Hz
===== REGISTER DUMP : END =====
[0120] ADD IY<$0000>, HL<$ABCB>
===== REGISTER DUMP : START =====
PAIR: A<$79> B<$AB> C<$CD> D<$00> E<$00> H<$AB> L<$CB>
PAIR: F<$82> ... S:ON, Z:OFF, H:OFF, P/V:OFF, N:ON, C:OFF
BACK: A'<$00> B'<$00> C'<$00> D'<$00> E'<$00> H'<$0E> L'<$DD> F'<$00>
PC<$0122> SP<$0000> IX<$0223> IY<$ABCB>
R<$00> I<$00> IFF<$00>
isHalt: NO, interruptMode: 0
executed: 1824Hz
===== REGISTER DUMP : END =====
